srv/src/main/resources/edmx/_i18n/i18n.json
srv/src/main/resources/edmx/_i18n/messages.properties
srv/src/main/resources/edmx/_i18n/messages_ar.properties
srv/src/main/resources/edmx/_i18n/messages_bg.properties
srv/src/main/resources/edmx/_i18n/messages_cs.properties
srv/src/main/resources/edmx/_i18n/messages_da.properties
srv/src/main/resources/edmx/_i18n/messages_de.properties
srv/src/main/resources/edmx/_i18n/messages_el.properties
srv/src/main/resources/edmx/_i18n/messages_en.properties
srv/src/main/resources/edmx/_i18n/messages_en_US_saptrc.properties
srv/src/main/resources/edmx/_i18n/messages_es.properties
srv/src/main/resources/edmx/_i18n/messages_es_MX.properties
srv/src/main/resources/edmx/_i18n/messages_fi.properties
srv/src/main/resources/edmx/_i18n/messages_fr.properties
srv/src/main/resources/edmx/_i18n/messages_he.properties
srv/src/main/resources/edmx/_i18n/messages_hr.properties
srv/src/main/resources/edmx/_i18n/messages_hu.properties
srv/src/main/resources/edmx/_i18n/messages_it.properties
srv/src/main/resources/edmx/_i18n/messages_ja.properties
srv/src/main/resources/edmx/_i18n/messages_kk.properties
srv/src/main/resources/edmx/_i18n/messages_ko.properties
srv/src/main/resources/edmx/_i18n/messages_ms.properties
srv/src/main/resources/edmx/_i18n/messages_nl.properties
srv/src/main/resources/edmx/_i18n/messages_no.properties
srv/src/main/resources/edmx/_i18n/messages_pl.properties
srv/src/main/resources/edmx/_i18n/messages_pt.properties
srv/src/main/resources/edmx/_i18n/messages_ro.properties
srv/src/main/resources/edmx/_i18n/messages_ru.properties
srv/src/main/resources/edmx/_i18n/messages_sh.properties
srv/src/main/resources/edmx/_i18n/messages_sk.properties
srv/src/main/resources/edmx/_i18n/messages_sl.properties
srv/src/main/resources/edmx/_i18n/messages_sv.properties
srv/src/main/resources/edmx/_i18n/messages_th.properties
srv/src/main/resources/edmx/_i18n/messages_tr.properties
srv/src/main/resources/edmx/_i18n/messages_uk.properties
srv/src/main/resources/edmx/_i18n/messages_vi.properties
srv/src/main/resources/edmx/_i18n/messages_zh_CN.properties
srv/src/main/resources/edmx/_i18n/messages_zh_TW.properties
srv/src/main/resources/edmx/csn.json
srv/src/main/resources/edmx/odata/v4/db.station.service.CarService.xml